<p><b>Response Payload</b></p>
<table>
<tbody>
<tr><td>{</td><td></td><td></td><td></td></tr>
<tr><td>&nbsp;&nbsp;&nbsp;&nbsp;&nbsp;&nbsp;<nobr><b>CSRString</b></nobr><br>}</td><td>string</td><td><nobr>read-only</nobr> <nobr>required</nobr></td><td>The string for the certificate signing request.</td></tr>
</tbody></table>
<p><b>Request Example</b></p><div class="json-payload"><div class="codehilite"><pre><span></span><code><span class="p">{</span>
    <span class="nt">&quot;example&quot;</span><span class="p">:</span> <span class="s2">&quot;Placeholder for REQUEST&quot;</span>
<span class="p">}</span>
</code></pre></div></div><p><b>Response Example</b></p><div class="json-payload"><div class="codehilite"><pre><span></span><code><span class="p">{</span>
    <span class="nt">&quot;example&quot;</span><span class="p">:</span> <span class="s2">&quot;Placeholder for RESPONSE&quot;</span>
<span class="p">}</span>
</code></pre></div></div>
<h
