<!DOCTYPE html>
<html>
<head>
<meta charset="utf-8"/>
<title></title>



</head>
<body>
<h2 id="RequiredTest">RequiredTest 1.0.0</h2>
<p>This schema contains required and requiredOnCreate properties.</p>
<table class="properties">
<tbody>
<tr><td><nobr><b>Description</b></nobr></td><td>string</td><td><nobr>read-only</nobr> (null)</td><td>Provides a description of this resource and is used for commonality  in the schema definitions.</td></tr>
<tr><td><nobr><b>EntryType</b></nobr></td><td>string<br>(enum)</td><td><nobr>read-only</nobr> <nobr>required on create</nobr></td><td>This is the type of log entry.<br><i>For the possible property values, see <a href="#redfish.dmtf.org/schemas/v1/RequiredTest.json|details|EntryType">EntryType</a> in Property details.</i></td></tr>
<tr><td><nobr><b>HostWatchdogTimer</b> {</nobr></td><td>object</td><td></td><td>This object describes the Host Watchdog Timer functionality for this system.</td></tr>
<tr><td>&nbsp;&nbsp;&nbsp;&nbsp;&nbsp;&nbsp;<nobr><b>FunctionEnabled</b></nobr></td><td>boolean</td><td><nobr>read-write</nobr> <nobr>required</nobr> (null)</td><td>This indicates if the Host Watchdog Timer functionality has been enabled. Additional host-based software is necessary to activate the timer function.</td></tr>
<tr><td>&nbsp;&nbsp;&nbsp;&nbsp;&nbsp;&nbsp;<nobr><b>Oem</b> { }</nobr></td><td>object</td><td></td><td>Oem extension object.<br><i>See the <a href="http://redfish.dmtf.org/schemas/v1/Resource.json" target="_blank">Resource</a> schema for details on this property.</i></td></tr>
<tr><td>&nbsp;&nbsp;&nbsp;&nbsp;&nbsp;&nbsp;<nobr><b>Status</b> { }</nobr><br>}</td><td>object</td><td></td><td>This type describes the status and health of a resource and its children.<br><i>See the <a href="http://redfish.dmtf.org/schemas/v1/Resource.json" target="_blank">Resource</a> schema for details on this property.</i></td></tr>
<tr><td><nobr><b>Id</b></nobr></td><td>string</td><td><nobr>read-only</nobr> <nobr>required</nobr></td><td>Uniquely identifies the resource within the collection of like resources.</td></tr>
<tr><td><nobr><b>Name</b></nobr></td><td>string</td><td><nobr>read-only</nobr> <nobr>required</nobr></td><td>The name of the resource or array element.</td></tr>
</tbody></table>
<div class="property-details">
<h3>Property details</h3>
<div class="property-details-content">
<h4 id="redfish.dmtf.org/schemas/v1/RequiredTest.json|details|EntryType">EntryType</h4>
<p>This is the type of log entry.</p>
<table class="enum enum-details">
<thead>
<tr><th>string</th><th>Description</th></tr>
</thead>
<tbody>
<tr><td>Event</td><td>Contains a Redfish-defined message (event).</td></tr>
<tr><td>Oem</td><td>Contains an entry in an OEM-defined format.</td></tr>
<tr><td>SEL</td><td>Contains a legacy IPMI System Event Log (SEL) entry.</td></tr>
</tbody></table>

</div>
</div>
</body></html>
