<h4 id="redfish.dmtf.org/schemas/v1/MessageRegistry.json|details|ClearsIf">ClearsIf</h4>
<p>This property contains the available OEM specific actions for this resource.</p>
<table class="enum enum-details">
<thead>
<tr><th>string</th><th>Description</th></tr>
</thead>
<tbody>
<tr><td>SameOriginOfCondition</td><td>Indicates the message is cleared by the other message(s) listed in the ClearingLogic object, provided the OriginOfCondition for both Events are the same.</td></tr>
</tbody></table>

<h4 id="redfish.dmtf.org/schemas/v1/MessageRegistry.json|details|ParamTypes">ParamTypes</h4>
<p>The MessageArg types, in order, for the message.</p>
<table class="enum enum-details">
<thead>
<tr><th>string</th><th>Description</th></tr>
</thead>
<tbody>
<tr><td>number</td><td>The parameter is a number.</td></tr>
<tr><td>string</td><td>The parameter is a string.</td></tr>
</tbody></table>
